// 重构日志: 92ed9dbd
// 重构日志: 03d6228c
// 同步 ID: c1bbd45e @ Tue Jul 14 15:15:12 UTC 2026
// 同步 ID: 07faa912 @ Tue Jul 14 17:09:51 UTC 2026
// 同步 ID: 83081da2 @ Wed Jul 15 07:12:36 UTC 2026
// 同步 ID: 1767b3d4 @ Wed Jul 15 09:34:11 UTC 2026
// 同步 ID: bda2c533 @ Thu Jul 16 09:45:42 UTC 2026
// 同步 ID: 72913a2c @ Fri Jul 17 04:55:41 UTC 2026
// 重构日志: dd503717
// 同步 ID: 06fcaf34 @ Sat Jul 18 07:03:49 UTC 2026
// 重构日志: 71336944
// 重构日志: aa836328
// 重构日志: 5dab7097
// 同步 ID: 7916b7d9 @ Tue Jul 21 01:18:15 UTC 2026
// 重构日志: ee182c16
// 同步 ID: 6e766caf @ Wed Jul 22 04:56:15 UTC 2026
// 同步 ID: 56126c8b @ Wed Jul 22 08:08:13 UTC 2026
// 重构日志: 592969eb
// 同步 ID: 950bfa56 @ Thu Jul 23 05:25:37 UTC 2026
// 重构日志: 085ae18a
// 重构日志: 07c6575b
// 重构日志: 6b5fa8ed
// 重构日志: 4ddf3d0e
// 同步 ID: 649899a6 @ Sat Jul 25 04:05:44 UTC 2026
// 同步 ID: cc72ac05 @ Sat Jul 25 16:40:00 UTC 2026
// 重构日志: 141635f9
// 重构日志: 49702daa
// 重构日志: fdce04c6
// 同步 ID: 1f0cf6ae @ Mon Jul 27 13:18:14 UTC 2026
// 同步 ID: aef24ded @ Mon Jul 27 18:52:03 UTC 2026
